YOLO11s-pose загружен
Баг: data/benchmark3.db3
Детектор: yolo11s-pose | temporal-фильтр: выкл

  обработано 150 кадров (26 c)
  обработано 300 кадров (50 c)
  обработано 450 кадров (74 c)
  обработано 600 кадров (98 c)
  обработано 750 кадров (122 c)
  обработано 1050 кадров (172 c)

Всего кадров: 1036 (из 1119 прочитанных)
Длительность по таймстампам: 34.5 с -> фактический 30.0 fps при записи 30

=== Длины костей (см) ===
кость           медиана std(static)    CV% std(free)
плечи (L-R)        36.1        0.44    1.2      1.71
торс               57.2        0.72    1.3      2.26
плечо Л            30.5        0.77    2.5      7.40
предплечье Л       25.0        0.57    2.3      7.66
плечо П            29.7        0.62    2.1      2.19
предплечье П       26.2        0.81    3.1      2.73
бёдра (L-R)        22.6        1.04    4.6      1.14
бедро Л            40.4        1.02    2.5      0.00
голень Л        нет данных
бедро П            40.4        1.03    2.6      0.92
голень П        нет данных

=== Джиттер (фаза STATIC) ===
средняя скорость суставов: 44.5 см/с (медиана 31.1)
95-перцентиль скорости:    133.2 см/с
разброс таза (std, см):   X=1.64 Y=0.50

=== Дропауты ключевых суставов (весь ролик) ===
  сустав  0: отсутствует в   2.2% кадров
  сустав  5: отсутствует в   2.2% кадров
  сустав  6: отсутствует в   3.3% кадров
  сустав  7: отсутствует в   5.5% кадров
  сустав  8: отсутствует в   4.2% кадров
  сустав  9: отсутствует в   5.5% кадров
  сустав 10: отсутствует в   9.7% кадров
  сустав 11: отсутствует в   5.5% кадров
  сустав 12: отсутствует в   4.9% кадров
  сустав 13: отсутствует в  49.1% кадров
  сустав 14: отсутствует в  30.4% кадров
  сустав 15: отсутствует в 100.0% кадров
  сустав 16: отсутствует в 100.0% кадров
суставов на кадр: медиана 15, min 1, max 15 (из 17)

=== T-POSE длины (калибровка) ===
  плечи (L-R)      37.6 см
  торс             58.8 см
  плечо Л          29.5 см
  предплечье Л     28.2 см
  плечо П          27.7 см
  предплечье П     27.9 см
  бёдра (L-R)      22.0 см
  бедро Л          40.2 см
  бедро П          41.8 см
