INFO: Created TensorFlow Lite XNNPACK delegate for CPU.
WARNING: Logging before InitGoogle() is written to STDERR
W0000 00:00:1791298134.262265   21256 inference_feedback_manager.cc:121] Feedback manager requires a model with a single signature inference. Disabling support for feedback tensors.
W0000 00:00:1791298134.281363   22532 inference_feedback_manager.cc:121] Feedback manager requires a model with a single signature inference. Disabling support for feedback tensors.
Баг: data/benchmark3.db3
Детектор: mediapipe-full | temporal-фильтр: вкл

W0000 00:00:1791298135.499019    4132 landmark_projection_calculator.cc:81] Using NORM_RECT without IMAGE_DIMENSIONS is only supported for the square ROI. Provide IMAGE_DIMENSIONS or use PROJECTION_MATRIX.
  обработано 150 кадров (10 c)
  обработано 300 кадров (20 c)
  обработано 450 кадров (31 c)
  обработано 600 кадров (41 c)
  обработано 750 кадров (51 c)
  обработано 1050 кадров (73 c)

Всего кадров: 1036 (из 1119 прочитанных)
Длительность по таймстампам: 34.5 с -> фактический 30.0 fps при записи 30

=== Длины костей (см) ===
кость           медиана std(static)    CV% std(free)
плечи (L-R)        38.4       13.36   34.8      1.12
торс               57.7        0.55    1.0      1.52
плечо Л            29.0        0.82    2.8      7.80
предплечье Л       25.0        0.40    1.6      5.50
плечо П            29.8        0.18    0.6      2.12
предплечье П       27.1        0.40    1.5      2.86
бёдра (L-R)        22.3        0.38    1.7      0.48
бедро Л            40.9        0.94    2.3      1.91
голень Л        нет данных
бедро П            39.4        1.05    2.7      2.20
голень П        нет данных

=== Джиттер (фаза STATIC) ===
средняя скорость суставов: 39.6 см/с (медиана 16.9)
95-перцентиль скорости:    144.7 см/с
разброс таза (std, см):   X=0.22 Y=0.31

=== Дропауты ключевых суставов (весь ролик) ===
  сустав  0: отсутствует в   1.7% кадров
  сустав  5: отсутствует в   1.4% кадров
  сустав  6: отсутствует в   1.4% кадров
  сустав  7: отсутствует в  18.8% кадров
  сустав  8: отсутствует в  25.4% кадров
  сустав  9: отсутствует в  25.3% кадров
  сустав 10: отсутствует в  28.9% кадров
  сустав 11: отсутствует в  25.4% кадров
  сустав 12: отсутствует в  25.4% кадров
  сустав 13: отсутствует в  28.1% кадров
  сустав 14: отсутствует в  34.3% кадров
  сустав 15: отсутствует в 100.0% кадров
  сустав 16: отсутствует в 100.0% кадров
суставов на кадр: медиана 11, min 0, max 11 (из 17)

=== T-POSE длины (калибровка) ===
  плечи (L-R)      40.9 см
  торс             60.1 см
  плечо Л          27.2 см
  предплечье Л     27.9 см
  плечо П          27.3 см
  предплечье П     28.1 см
  бёдра (L-R)      23.1 см
  бедро Л          42.1 см
  бедро П          42.0 см
